// Jest Snapshot v1, https://goo.gl/fbAQLP

exports[`Question should match the snapshot with all data passed in correctly 1`] = `
<li
  onClick={[Function]}
>
  <p>
     + 
    When was the first Call of Duty title released?
  </p>
</li>
`;
